// Jest Snapshot v1, https://goo.gl/fbAQLP

exports[`<LogoLink /> should match snapshot 1`] = `
.c1 {
  -webkit-text-decoration: none;
  text-decoration: none;
  color: inherit;
  -webkit-align-items: center;
  -webkit-box-align: center;
  -ms-flex-align: center;
  align-items: center;
}

.c1 img {
  max-height: 3rem;
}

.c0 {
  color: #0a1128;
  font-size: 3.2rem;
  text-transform: uppercase;
}

@media (max-width:768px) {
  .c0 {
    font-size: 3.2rem;
  }
}

<h1
  class="c0"
>
  <a
    class="c1"
    href="#target"
  >
    Logo Text
  </a>
</h1>
`;
