// Jest Snapshot v1, https://goo.gl/fbAQLP

exports[`<GridImage /> should match the snapshot 1`] = `
.c3 {
  color: #0a1128;
  font-size: 5.6rem;
  text-transform: uppercase;
}

.c5 {
  font-size: 2.4rem;
}

.c2 > .c4 {
  margin-bottom: 6.4rem;
}

.c6 {
  display: grid;
  grid-template-columns: repeat(auto-fill,minmax(280px,1fr));
  gap: 3.2rem;
}

.c7 {
  overflow: hidden;
}

.c8 {
  max-width: 100%;
  height: auto;
  -webkit-transition: all 300ms ease-in-out;
  transition: all 300ms ease-in-out;
}

.c8:hover {
  -webkit-transform: scale(1.2) rotate(10deg);
  -ms-transform: scale(1.2) rotate(10deg);
  transform: scale(1.2) rotate(10deg);
}

.c1 {
  max-width: 120rem;
  margin: auto;
  padding: 3.2rem;
  width: 100%;
}

.c0 {
  background: #f3f3f3;
  color: #0a1128;
  min-height: 100vh;
  display: -webkit-box;
  display: -webkit-flex;
  display: -ms-flexbox;
  display: flex;
  -webkit-align-items: center;
  -webkit-box-align: center;
  -ms-flex-align: center;
  align-items: center;
}

@media (max-width:768px) {
  .c3 {
    font-size: 4rem;
  }
}

@media (max-width:768px) {
  .c6 {
    grid-template-columns: 1fr;
  }
}

<div
  class="c0"
  id="intro"
>
  <div
    class="c1"
  >
    <div
      class="c2"
    >
      <h2
        class="c3"
      >
        Image Grid
      </h2>
      <div
        class="c4 c5"
      >
        Lorem ipsum dolor sit amet consectetur adipisicing elit. Nobis nam nisi ad commodi sit velit mollitia tenetur non dolorem ut dolor nulla alias, reprehenderit nostrum? Nihil maxime assumenda saepe necessitatibus!
      </div>
      <div
        class="c6"
      >
        <div
          class="c7"
        >
          <img
            alt="Texto alternativo 1"
            class="c8"
            src="https://source.unsplash.com/random/800x800?r=1"
          />
        </div>
        <div
          class="c7"
        >
          <img
            alt="Texto alternativo 2"
            class="c8"
            src="https://source.unsplash.com/random/800x800?r=2"
          />
        </div>
        <div
          class="c7"
        >
          <img
            alt="Texto alternativo 3"
            class="c8"
            src="https://source.unsplash.com/random/800x800?r=3"
          />
        </div>
        <div
          class="c7"
        >
          <img
            alt="Texto alternativo 4"
            class="c8"
            src="https://source.unsplash.com/random/800x800?r=4"
          />
        </div>
        <div
          class="c7"
        >
          <img
            alt="Texto alternativo 5"
            class="c8"
            src="https://source.unsplash.com/random/800x800?r=5"
          />
        </div>
        <div
          class="c7"
        >
          <img
            alt="Texto alternativo 6"
            class="c8"
            src="https://source.unsplash.com/random/800x800?r=6"
          />
        </div>
      </div>
    </div>
  </div>
</div>
`;
