// Jest Snapshot v1, https://goo.gl/fbAQLP

exports[`<TextComponent /> should match the snapshot 1`] = `
.c0 {
  font-size: 2.4rem;
}

<p
  class="c0"
>
  Text
</p>
`;
