// Jest Snapshot v1, https://goo.gl/fbAQLP

exports[`<MenuLink /> should match the snapshot 1`] = `
.c0 {
  display: block;
  -webkit-text-decoration: none;
  text-decoration: none;
  font-size: 1.6rem;
  padding: 1.6rem;
  color: #00829b;
  position: relative;
}

.c0::after {
  content: '';
  position: absolute;
  bottom: 1.6rem;
  left: 50%;
  width: 0;
  height: 0.2rem;
  background: #a02b2d;
  -webkit-transition: all 300ms ease-in-out;
  transition: all 300ms ease-in-out;
  -webkit-transform: scale(0);
  -ms-transform: scale(0);
  transform: scale(0);
}

.c0:hover::after {
  left: 25%;
  width: 50%;
  -webkit-transform: scale(1);
  -ms-transform: scale(1);
  transform: scale(1);
}

<a
  class="c0"
  href="http://localhost"
  target="_self"
>
  Children
</a>
`;
